readlink: illegal option -- -
usage: readlink [-n] [file ...]
readlink: illegal option -- -
usage: readlink [-n] [file ...]
readlink: illegal option -- -
usage: readlink [-n] [file ...]
readlink: illegal option -- -
usage: readlink [-n] [file ...]
